../Core/Src/main.c:73:6:MAX31865delay	16	static
../Core/Src/main.c:78:6:MAX31865setCS_1	16	static
../Core/Src/main.c:90:6:MAX31865setCS_2	16	static
../Core/Src/main.c:102:9:MAX31865drdy_1	8	static
../Core/Src/main.c:114:9:MAX31865drdy_2	8	static
../Core/Src/main.c:126:9:MAX31865spiWrite	16	static
../Core/Src/main.c:143:9:MAX31865spiRead	16	static
../Core/Src/main.c:160:6:MAX31865errorcallback	16	static
../Core/Src/main.c:201:5:main	272	static
../Core/Src/main.c:311:6:SystemClock_Config	72	static
../Core/Src/main.c:351:13:MX_I2C1_Init	8	static
../Core/Src/main.c:385:13:MX_I2C2_Init	8	static
../Core/Src/main.c:419:13:MX_SPI1_Init	8	static
../Core/Src/main.c:457:13:MX_USART1_UART_Init	8	static
../Core/Src/main.c:490:13:MX_GPIO_Init	40	static
../Core/Src/main.c:541:6:Error_Handler	4	static,ignoring_inline_asm
