../Core/Src/main.c:73:6:MAX31865delay	16	static
../Core/Src/main.c:78:6:MAX31865setCS_1	16	static
../Core/Src/main.c:90:6:MAX31865setCS_2	16	static
../Core/Src/main.c:102:9:MAX31865drdy_1	8	static
../Core/Src/main.c:114:9:MAX31865drdy_2	8	static
../Core/Src/main.c:126:9:MAX31865spiWrite	56	dynamic
../Core/Src/main.c:145:9:MAX31865spiRead	64	dynamic
../Core/Src/main.c:170:6:MAX31865errorcallback	16	static
../Core/Src/main.c:211:5:main	272	static
../Core/Src/main.c:319:6:SystemClock_Config	72	static
../Core/Src/main.c:359:13:MX_I2C1_Init	8	static
../Core/Src/main.c:393:13:MX_I2C2_Init	8	static
../Core/Src/main.c:427:13:MX_SPI1_Init	8	static
../Core/Src/main.c:465:13:MX_USART1_UART_Init	8	static
../Core/Src/main.c:498:13:MX_GPIO_Init	40	static
../Core/Src/main.c:549:6:Error_Handler	4	static,ignoring_inline_asm
