../Core/Src/main.c:71:6:MAX31865delay	1
../Core/Src/main.c:76:6:MAX31865setCS_1	2
../Core/Src/main.c:88:6:MAX31865setCS_2	2
../Core/Src/main.c:100:9:MAX31865drdy_1	2
../Core/Src/main.c:112:9:MAX31865drdy_2	2
../Core/Src/main.c:124:9:MAX31865spiWrite	3
../Core/Src/main.c:143:9:MAX31865spiRead	4
../Core/Src/main.c:168:6:MAX31865errorcallback	1
../Core/Src/main.c:209:5:main	3
../Core/Src/main.c:300:6:SystemClock_Config	3
../Core/Src/main.c:340:13:MX_I2C1_Init	2
../Core/Src/main.c:374:13:MX_I2C2_Init	2
../Core/Src/main.c:408:13:MX_SPI1_Init	2
../Core/Src/main.c:446:13:MX_USART1_UART_Init	2
../Core/Src/main.c:479:13:MX_GPIO_Init	1
../Core/Src/main.c:530:6:Error_Handler	1
